// Jest Snapshot v1, https://goo.gl/fbAQLP

exports[`Code Tabs allows code tabs within html blocks 1`] = `
Object {
  "children": Array [
    Object {
      "children": Array [
        Object {
          "type": "text",
          "value": "
",
        },
      ],
      "properties": Object {},
      "tagName": "p",
      "type": "element",
    },
    Object {
      "children": Array [
        Object {
          "children": Array [
            Object {
              "children": Array [
                Object {
                  "type": "text",
                  "value": "First code block
",
                },
              ],
              "properties": Object {
                "meta": "",
              },
              "tagName": "code",
              "type": "element",
            },
          ],
          "properties": Object {},
          "tagName": "pre",
          "type": "element",
        },
        Object {
          "children": Array [
            Object {
              "children": Array [
                Object {
                  "type": "text",
                  "value": "Second code block
",
                },
              ],
              "properties": Object {
                "meta": "",
              },
              "tagName": "code",
              "type": "element",
            },
          ],
          "properties": Object {},
          "tagName": "pre",
          "type": "element",
        },
      ],
      "properties": Object {
        "className": Array [
          "code-tabs",
        ],
      },
      "tagName": "div",
      "type": "element",
    },
    Object {
      "type": "text",
      "value": "
",
    },
    Object {
      "children": Array [],
      "properties": Object {},
      "tagName": "p",
      "type": "element",
    },
  ],
  "data": Object {
    "quirksMode": false,
  },
  "type": "root",
}
`;

exports[`Code Tabs can parse code tabs 1`] = `
Object {
  "children": Array [
    Object {
      "children": Array [
        Object {
          "className": "tab-panel",
          "data": Object {
            "hName": "code",
            "hProperties": Object {
              "lang": undefined,
              "meta": "",
            },
          },
          "lang": undefined,
          "meta": "",
          "type": "code",
          "value": "First code block",
        },
        Object {
          "className": "tab-panel",
          "data": Object {
            "hName": "code",
            "hProperties": Object {
              "lang": undefined,
              "meta": "",
            },
          },
          "lang": undefined,
          "meta": "",
          "type": "code",
          "value": "Second code block",
        },
      ],
      "className": "tabs",
      "data": Object {
        "hName": "div",
        "hProperties": Object {
          "className": Array [
            "code-tabs",
          ],
        },
      },
      "type": "code-tabs",
    },
  ],
  "type": "root",
}
`;
