// Jest Snapshot v1, https://goo.gl/fbAQLP

exports[`Escape uses the "escape" type 1`] = `
Object {
  "children": Array [
    Object {
      "children": Array [
        Object {
          "position": Position {
            "end": Object {
              "column": 3,
              "line": 1,
              "offset": 2,
            },
            "indent": Array [],
            "start": Object {
              "column": 1,
              "line": 1,
              "offset": 0,
            },
          },
          "type": "escape",
          "value": "&",
        },
        Object {
          "position": Position {
            "end": Object {
              "column": 8,
              "line": 1,
              "offset": 7,
            },
            "indent": Array [],
            "start": Object {
              "column": 3,
              "line": 1,
              "offset": 2,
            },
          },
          "type": "text",
          "value": "para;",
        },
      ],
      "position": Position {
        "end": Object {
          "column": 8,
          "line": 1,
          "offset": 7,
        },
        "indent": Array [],
        "start": Object {
          "column": 1,
          "line": 1,
          "offset": 0,
        },
      },
      "type": "paragraph",
    },
  ],
  "position": Object {
    "end": Object {
      "column": 2,
      "line": 3,
      "offset": 10,
    },
    "start": Object {
      "column": 1,
      "line": 1,
      "offset": 0,
    },
  },
  "type": "root",
}
`;
