// Jest Snapshot v1, https://goo.gl/fbAQLP

exports[`Parse magic block tables renders an table with missing cells 1`] = `
Object {
  "children": Array [
    Object {
      "align": Array [
        "left",
        "left",
      ],
      "children": Array [
        Object {
          "children": Array [
            Object {
              "children": Array [
                Object {
                  "type": "text",
                  "value": "",
                },
              ],
              "type": "tableHead",
            },
            Object {
              "children": Array [
                Object {
                  "position": Position {
                    "end": Object {
                      "column": 9,
                      "line": 1,
                      "offset": 8,
                    },
                    "indent": Array [],
                    "start": Object {
                      "column": 1,
                      "line": 1,
                      "offset": 0,
                    },
                  },
                  "type": "text",
                  "value": "Header 1",
                },
              ],
              "type": "tableHead",
            },
          ],
          "type": "tableRow",
        },
        Object {
          "children": Array [
            Object {
              "children": Array [
                Object {
                  "position": Position {
                    "end": Object {
                      "column": 9,
                      "line": 1,
                      "offset": 8,
                    },
                    "indent": Array [],
                    "start": Object {
                      "column": 1,
                      "line": 1,
                      "offset": 0,
                    },
                  },
                  "type": "text",
                  "value": "Cell A 1",
                },
              ],
              "type": "tableCell",
            },
            Object {
              "children": Array [
                Object {
                  "type": "text",
                  "value": "",
                },
              ],
              "type": "tableCell",
            },
          ],
          "type": "tableRow",
        },
        Object {
          "children": Array [
            Object {
              "children": Array [
                Object {
                  "type": "text",
                  "value": "",
                },
              ],
              "type": "tableCell",
            },
            Object {
              "children": Array [
                Object {
                  "type": "text",
                  "value": "",
                },
              ],
              "type": "tableCell",
            },
          ],
          "type": "tableRow",
        },
      ],
      "position": Position {
        "end": Object {
          "column": 9,
          "line": 12,
          "offset": 120,
        },
        "indent": Array [
          1,
          1,
          1,
          1,
          1,
          1,
          1,
          1,
          1,
          1,
          1,
        ],
        "start": Object {
          "column": 1,
          "line": 1,
          "offset": 0,
        },
      },
      "type": "table",
    },
  ],
  "position": Object {
    "end": Object {
      "column": 2,
      "line": 16,
      "offset": 129,
    },
    "start": Object {
      "column": 1,
      "line": 1,
      "offset": 0,
    },
  },
  "type": "root",
}
`;
