// Vitest Snapshot v1, https://vitest.dev/guide/snapshot.html

exports[`Components > Callout 1`] = `"<blockquote class="callout callout_error" theme="❗️"><h3 class="callout-heading"><span class="callout-icon">❗️</span><p>Error Callout</p></h3><p>Lorem ipsum dolor.</p></blockquote>"`;

exports[`Components > Embed 1`] = `"<div class="embed embed_hasImg"><div class="embed-media"><iframe class="embedly-embed" src="//cdn.embedly.com/widgets/media.html?src=https://www.google.com/maps/embed/v1/place?center=37.829698%2C-122.258166&amp;key=AIzaSyD9HrlRuI1Ani0-MTZ7pvzxwxi4pgW0BCY&amp;zoom=16&amp;q=4126+Opal+St,+Oakland,+CA+94609&amp;display_name=Google+Maps&amp;url=https://www.google.com/maps/place/4126+Opal+St,+Oakland,+CA+94609/@37.829698,-122.258166,16z/data=!4m5!3m4!1s0x80857dfb145a04ff:0x96b17d967421636f!8m2!3d37.8296978!4d-122.2581661?hl=en&amp;image=http://maps-api-ssl.google.com/maps/api/staticmap?center=37.829698,-122.258166&amp;zoom=15&amp;size=250x250&amp;sensor=false&amp;key=02466f963b9b4bb8845a05b53d3235d7&amp;type=text/html&amp;schema=google" width="600" height="450" scrolling="no" title="Google Maps embed" frameborder="0" allow="autoplay; fullscreen" allowfullscreen="true"></iframe></div></div>"`;

exports[`Components > Embed 2`] = `"<iframe height="550" src="https://consent-manager.metomic.io/placeholder-demo.html?example=reddit" style="display: flex; margin: auto;"></iframe>"`;

exports[`Components > Embed 3`] = `"<div class="embed embed_hasImg"><a class="embed-link" href="https://www.nytimes.com/2020/05/03/us/politics/george-w-bush-coronavirus-unity.html" rel="noopener noreferrer" target="_blank"><img alt="George W. Bush Calls for End to Pandemic Partisanship" class="embed-img" loading="lazy" src="https://static01.nyt.com/images/2020/05/02/world/02dc-virus-bush-2/merlin_171999921_e857a690-fb9b-462d-a20c-28c8161107c9-facebookJumbo.jpg"><div class="embed-body"><img alt="nytimes.com" height="14" src="https://www.nytimes.com/vi-assets/static-assets/favicon-4bf96cb6a1093748bf5b3c429accb9b4.ico" width="14"><small class="embed-provider">nytimes.com</small><div class="embed-title">George W. Bush Calls for End to Pandemic Partisanship</div></div></a></div>"`;

exports[`Components > Embed 4`] = `"<div class="embed "><a class="embed-link" href="https://www.nytimes.com/2020/05/03/us/politics/george-w-bush-coronavirus-unity.html" rel="noopener noreferrer" target="_blank"><div class="embed-body"><small class="embed-provider">nytimes.com</small><div class="embed-title">rdmd</div></div></a></div>"`;

exports[`Components > Image 1`] = `"<span aria-label="Bro eats pizza and makes an OK gesture." class="img lightbox closed" role="button" tabindex="0"><span class="lightbox-inner"><img src="https://files.readme.io/6f52e22-man-eating-pizza-and-making-an-ok-gesture.jpg" width="auto" height="auto" title="Pizza Face" class="img img-align-center" alt="Bro eats pizza and makes an OK gesture." loading="lazy"></span></span>"`;
