// Jest Snapshot v1, https://goo.gl/fbAQLP

exports[`Table Blocks does not display data outside the declared dimensions 1`] = `
Object {
  "children": Array [
    Object {
      "align": Array [
        "left",
        "left",
      ],
      "children": Array [
        Object {
          "children": Array [
            Object {
              "children": Array [
                Object {
                  "type": "text",
                  "value": "Left",
                },
              ],
              "type": "tableHead",
            },
            Object {
              "children": Array [
                Object {
                  "type": "text",
                  "value": "Center",
                },
              ],
              "type": "tableHead",
            },
          ],
          "type": "tableRow",
        },
        Object {
          "children": Array [
            Object {
              "children": Array [
                Object {
                  "type": "text",
                  "value": "Left 0",
                },
              ],
              "type": "tableCell",
            },
            Object {
              "children": Array [
                Object {
                  "type": "text",
                  "value": "Center 0",
                },
              ],
              "type": "tableCell",
            },
          ],
          "type": "tableRow",
        },
        Object {
          "children": Array [
            Object {
              "children": Array [
                Object {
                  "type": "text",
                  "value": "Left 1",
                },
              ],
              "type": "tableCell",
            },
            Object {
              "children": Array [
                Object {
                  "type": "text",
                  "value": "Center 1",
                },
              ],
              "type": "tableCell",
            },
          ],
          "type": "tableRow",
        },
      ],
      "type": "table",
    },
  ],
  "type": "root",
}
`;
