// Vitest Snapshot v1, https://vitest.dev/guide/snapshot.html

exports[`Code Tabs > allows code tabs within html blocks 1`] = `undefined`;

exports[`Code Tabs > can parse code tabs 1`] = `
{
  "children": [
    {
      "lang": null,
      "meta": null,
      "position": {
        "end": {
          "column": 4,
          "line": 4,
          "offset": 25,
        },
        "start": {
          "column": 1,
          "line": 2,
          "offset": 1,
        },
      },
      "type": "code",
      "value": "First code block",
    },
    {
      "lang": null,
      "meta": null,
      "position": {
        "end": {
          "column": 4,
          "line": 7,
          "offset": 51,
        },
        "start": {
          "column": 1,
          "line": 5,
          "offset": 26,
        },
      },
      "type": "code",
      "value": "Second code block",
    },
  ],
  "position": {
    "end": {
      "column": 1,
      "line": 8,
      "offset": 52,
    },
    "start": {
      "column": 1,
      "line": 1,
      "offset": 0,
    },
  },
  "type": "root",
}
`;
