// Vitest Snapshot v1, https://vitest.dev/guide/snapshot.html

exports[`Escape > uses the "escape" type 1`] = `
{
  "children": [
    {
      "children": [
        {
          "position": {
            "end": {
              "column": 8,
              "line": 1,
              "offset": 7,
            },
            "start": {
              "column": 1,
              "line": 1,
              "offset": 0,
            },
          },
          "type": "text",
          "value": "&para;",
        },
      ],
      "position": {
        "end": {
          "column": 8,
          "line": 1,
          "offset": 7,
        },
        "start": {
          "column": 1,
          "line": 1,
          "offset": 0,
        },
      },
      "type": "paragraph",
    },
  ],
  "position": {
    "end": {
      "column": 8,
      "line": 1,
      "offset": 7,
    },
    "start": {
      "column": 1,
      "line": 1,
      "offset": 0,
    },
  },
  "type": "root",
}
`;
