// Vitest Snapshot v1, https://vitest.dev/guide/snapshot.html

exports[`anchor target: should allow _blank if using HTML 1`] = `"<p><a href=\\"https://example.com\\" target=\\"_blank\\" title=\\"\\">test</a></p>"`;

exports[`anchor target: should allow download if using HTML 1`] = `"<p><a download=\\"example.png\\" href=\\"\\" target=\\"_blank\\" title=\\"\\">test</a></p>"`;

exports[`anchor target: should default to _self 1`] = `"<p><a href=\\"https://example.com\\" target=\\"\\" title=\\"\\">test</a></p>"`;

exports[`anchors 1`] = `
"<p><a href=\\"http://example.com\\" target=\\"\\" title=\\"\\">link</a><br>
<a href=\\"\\" target=\\"\\" title=\\"\\">xss</a><br>
<a href=\\"/docs/slug\\" target=\\"\\" title=\\"\\" class=\\"doc-link\\" data-sidebar=\\"slug\\">doc</a><br>
<a href=\\"/reference-link/slug\\" target=\\"\\" title=\\"\\">ref</a><br>
<a href=\\"/changelog/slug\\" target=\\"\\" title=\\"\\">blog</a><br>
<a href=\\"/changelog/slug\\" target=\\"\\" title=\\"\\">changelog</a><br>
<a href=\\"/page/slug\\" target=\\"\\" title=\\"\\">page</a></p>"
`;

exports[`anchors with baseUrl 1`] = `
"&lt;p&gt;&lt;a href=\\"doc:slug\\"&gt;doc&lt;/a&gt;&lt;br&gt;
&lt;a href=\\"ref:slug\\"&gt;ref&lt;/a&gt;&lt;br&gt;
&lt;a href=\\"blog:slug\\"&gt;blog&lt;/a&gt;&lt;br&gt;
&lt;a href=\\"changelog:slug\\"&gt;changelog&lt;/a&gt;&lt;br&gt;
&lt;a href=\\"page:slug\\"&gt;page&lt;/a&gt;&lt;/p&gt;"
`;

exports[`anchors with baseUrl and special characters in url hash 1`] = `"<p><a href=\\"/reference-link/slug#%E6%95%B4\\" target=\\"\\" title=\\"\\">ref</a></p>"`;

exports[`check list items 1`] = `
"<ul class=\\"contains-task-list\\">
<li class=\\"task-list-item\\"><input type=\\"checkbox\\" disabled=\\"\\"> checklistitem1</li>
<li class=\\"task-list-item\\"><input type=\\"checkbox\\" disabled=\\"\\" checked=\\"\\"> checklistitem1</li>
</ul>"
`;

exports[`code samples > should parse indented code on the first line 1`] = `
{
  "children": [
    {
      "children": [
        {
          "position": {
            "end": {
              "column": 23,
              "line": 1,
              "offset": 22,
            },
            "start": {
              "column": 5,
              "line": 1,
              "offset": 4,
            },
          },
          "type": "text",
          "value": "const code = true;",
        },
      ],
      "position": {
        "end": {
          "column": 23,
          "line": 1,
          "offset": 22,
        },
        "start": {
          "column": 5,
          "line": 1,
          "offset": 4,
        },
      },
      "type": "paragraph",
    },
  ],
  "position": {
    "end": {
      "column": 23,
      "line": 1,
      "offset": 22,
    },
    "start": {
      "column": 1,
      "line": 1,
      "offset": 0,
    },
  },
  "type": "root",
}
`;

exports[`emojis 1`] = `
"<p><img src=\\"/public/img/emojis/joy.png\\" alt=\\":joy:\\" title=\\":joy:\\" class=\\"emoji\\" align=\\"absmiddle\\" height=\\"20\\" width=\\"20\\" caption=\\"\\" loading=\\"lazy\\"><br>
<i class=\\"fa fa-lock\\"></i><br>
:unknown-emoji:</p>"
`;

exports[`export multiple Markdown renderers > allows complex compact headings 1`] = `undefined`;

exports[`export multiple Markdown renderers > renders HTML 1`] = `undefined`;

exports[`export multiple Markdown renderers > renders MD 1`] = `
"# Hello World
"
`;

exports[`export multiple Markdown renderers > renders custom React components 1`] = `[Function]`;

exports[`export multiple Markdown renderers > renders hAST 1`] = `undefined`;

exports[`export multiple Markdown renderers > renders mdAST 1`] = `
{
  "children": [
    {
      "children": [
        {
          "position": {
            "end": {
              "column": 14,
              "line": 1,
              "offset": 13,
            },
            "start": {
              "column": 3,
              "line": 1,
              "offset": 2,
            },
          },
          "type": "text",
          "value": "Hello World",
        },
      ],
      "depth": 1,
      "position": {
        "end": {
          "column": 14,
          "line": 1,
          "offset": 13,
        },
        "start": {
          "column": 1,
          "line": 1,
          "offset": 0,
        },
      },
      "type": "heading",
    },
    {
      "children": [
        {
          "position": {
            "end": {
              "column": 34,
              "line": 7,
              "offset": 184,
            },
            "start": {
              "column": 3,
              "line": 3,
              "offset": 17,
            },
          },
          "type": "text",
          "value": "| Col. A  | Col. B  | Col. C  |
|:-------:|:-------:|:-------:|
| Cell A1 | Cell B1 | Cell C1 |
| Cell A2 | Cell B2 | Cell C2 |
| Cell A3 | Cell B3 | Cell C3 |",
        },
      ],
      "position": {
        "end": {
          "column": 34,
          "line": 7,
          "offset": 184,
        },
        "start": {
          "column": 3,
          "line": 3,
          "offset": 17,
        },
      },
      "type": "paragraph",
    },
    {
      "children": [
        {
          "children": [
            {
              "position": {
                "end": {
                  "column": 15,
                  "line": 9,
                  "offset": 200,
                },
                "start": {
                  "column": 4,
                  "line": 9,
                  "offset": 189,
                },
              },
              "type": "text",
              "value": "Embed Title",
            },
          ],
          "position": {
            "end": {
              "column": 67,
              "line": 9,
              "offset": 252,
            },
            "start": {
              "column": 3,
              "line": 9,
              "offset": 188,
            },
          },
          "title": "@embed",
          "type": "link",
          "url": "https://jsfiddle.net/rafegoldberg/5VA5j/",
        },
      ],
      "position": {
        "end": {
          "column": 67,
          "line": 9,
          "offset": 252,
        },
        "start": {
          "column": 3,
          "line": 9,
          "offset": 188,
        },
      },
      "type": "paragraph",
    },
    {
      "children": [
        {
          "children": [
            {
              "position": {
                "end": {
                  "column": 12,
                  "line": 11,
                  "offset": 265,
                },
                "start": {
                  "column": 5,
                  "line": 11,
                  "offset": 258,
                },
              },
              "type": "text",
              "value": "❗️ UhOh",
            },
          ],
          "position": {
            "end": {
              "column": 12,
              "line": 11,
              "offset": 265,
            },
            "start": {
              "column": 5,
              "line": 11,
              "offset": 258,
            },
          },
          "type": "paragraph",
        },
        {
          "children": [
            {
              "position": {
                "end": {
                  "column": 61,
                  "line": 13,
                  "offset": 330,
                },
                "start": {
                  "column": 5,
                  "line": 13,
                  "offset": 274,
                },
              },
              "type": "text",
              "value": "Lorem ipsum dolor sit amet consectetur adipisicing elit.",
            },
          ],
          "position": {
            "end": {
              "column": 61,
              "line": 13,
              "offset": 330,
            },
            "start": {
              "column": 5,
              "line": 13,
              "offset": 274,
            },
          },
          "type": "paragraph",
        },
      ],
      "position": {
        "end": {
          "column": 61,
          "line": 13,
          "offset": 330,
        },
        "start": {
          "column": 3,
          "line": 11,
          "offset": 256,
        },
      },
      "type": "blockquote",
    },
  ],
  "position": {
    "end": {
      "column": 3,
      "line": 16,
      "offset": 335,
    },
    "start": {
      "column": 1,
      "line": 1,
      "offset": 0,
    },
  },
  "type": "root",
}
`;

exports[`export multiple Markdown renderers > renders plain markdown as React 1`] = `undefined`;

exports[`heading 1`] = `"<h2 class=\\"heading heading-2 header-scroll\\" align=\\"\\"><div class=\\"heading-anchor anchor waypoint\\" id=\\"example-header\\"></div><div class=\\"heading-text\\"><div id=\\"section-example-header\\" class=\\"heading-anchor_backwardsCompatibility\\"></div>Example Header</div><a aria-label=\\"Skip link to Example Header\\" class=\\"heading-anchor-icon fa fa-anchor\\" href=\\"#example-header\\"></a></h2>"`;

exports[`image 1`] = `"<span aria-label="Expand image" class="img lightbox closed" role="button" tabindex="0"><span class="lightbox-inner"><img src="https://files.readme.io/6f52e22-man-eating-pizza-and-making-an-ok-gesture.jpg" width="auto" height="auto" title="Pizza Face" class="img  " alt="Bro eats pizza and makes an OK gesture." loading="lazy"></span></span>"`;

exports[`list items 1`] = `
"<ul>
<li>listitem1</li>
</ul>"
`;

exports[`prefix anchors with "section-" > should add a section- prefix to heading anchors 1`] = `undefined`;

exports[`tables 1`] = `"<div class="rdmd-table"><div class="rdmd-table-inner"><table><thead><tr><th>Tables</th><th style="text-align: center;">Are</th><th style="text-align: right;">Cool</th></tr></thead><tbody><tr><td>col 3 is</td><td style="text-align: center;">right-aligned</td><td style="text-align: right;">$1600</td></tr><tr><td>col 2 is</td><td style="text-align: center;">centered</td><td style="text-align: right;">$12</td></tr><tr><td>zebra stripes</td><td style="text-align: center;">are neat</td><td style="text-align: right;">$1</td></tr></tbody></table></div></div>"`;
