// Jest Snapshot v1, https://goo.gl/fbAQLP

exports[`Single Code Tab Transformer wraps single code blocks with tabs if they have a lang or title set 1`] = `
Object {
  "children": Array [
    Object {
      "children": Array [
        Object {
          "lang": "javascript",
          "meta": null,
          "type": "code",
          "value": "const languageSet = true;",
        },
      ],
      "className": "tabs",
      "data": Object {
        "hName": "code-tabs",
      },
      "type": "code-tabs",
    },
  ],
  "type": "root",
}
`;
